// Jest Snapshot v1, https://goo.gl/fbAQLP

exports[`DailyCalendar render 1`] = `
<BD
  start={2017-10-09T00:00:00.000Z}
>
  <DailyCalendar
    dateFormat="DD"
    endHour="PT22H"
    events={
      Array [
        Object {
          "allDay": false,
          "end": 2017-10-07T14:00:00.000Z,
          "start": 2017-10-07T03:00:00.000Z,
        },
        Object {
          "allDay": false,
          "end": 2017-10-07T07:00:00.000Z,
          "start": 2017-10-07T05:00:00.000Z,
        },
        Object {
          "allDay": false,
          "end": 2017-10-07T13:30:00.000Z,
          "start": 2017-10-07T12:30:00.000Z,
        },
        Object {
          "allDay": false,
          "end": 2017-10-07T14:30:00.000Z,
          "start": 2017-10-07T13:00:00.000Z,
        },
        Object {
          "allDay": false,
          "end": 2017-10-07T18:00:00.000Z,
          "start": 2017-10-07T16:30:00.000Z,
        },
        Object {
          "allDay": false,
          "end": 2017-10-07T18:30:00.000Z,
          "start": 2017-10-07T17:00:00.000Z,
        },
        Object {
          "allDay": false,
          "end": 2017-10-07T17:30:00.000Z,
          "start": 2017-10-07T17:00:00.000Z,
        },
      ]
    }
    fevents={
      Array [
        Object {
          "allDay": true,
          "end": 2017-10-08T17:30:00.000Z,
          "start": 2017-10-07T17:00:00.000Z,
        },
      ]
    }
    hourFormat="HH"
    locale={
      Object {
        "formatDistance": [Function],
        "formatLong": [Function],
        "formatRelative": [Function],
        "formatters": Object {
          "Do MMM": [Function],
          "Do MMMM": [Function],
        },
        "formattingTokensRegExp": /\\(\\\\\\[\\[\\^\\\\\\[\\]\\*\\\\\\]\\)\\|\\(\\\\\\\\\\)\\?\\(x\\|ss\\|s\\|mm\\|m\\|hh\\|h\\|do\\|dddd\\|ddd\\|dd\\|d\\|aa\\|a\\|ZZ\\|Z\\|YYYY\\|YY\\|X\\|Wo\\|WW\\|W\\|SSS\\|SS\\|S\\|Qo\\|Q\\|Mo\\|MMMM\\|MMM\\|MM\\|M\\|HH\\|H\\|GGGG\\|GG\\|E\\|Do MMMM\\|Do MMM\\|Do\\|DDDo\\|DDDD\\|DDD\\|DD\\|D\\|A\\|\\.\\)/g,
        "localize": Object {
          "month": [Function],
          "months": [Function],
          "ordinalNumber": [Function],
          "timeOfDay": [Function],
          "timesOfDay": [Function],
          "weekday": [Function],
          "weekdays": [Function],
        },
        "match": Object {
          "month": [Function],
          "months": [Function],
          "ordinalNumber": [Function],
          "ordinalNumbers": [Function],
          "timeOfDay": [Function],
          "timesOfDay": [Function],
          "weekday": [Function],
          "weekdays": [Function],
        },
        "options": Object {
          "firstWeekContainsDate": 4,
          "weekStartsOn": 1,
        },
      }
    }
    matrix={Array []}
    nodes={
      Object {
        "0": Object {
          "children": Array [
            1,
            2,
            3,
          ],
          "depth": 3,
          "level": 0,
        },
        "1": Object {
          "children": Array [],
          "depth": 3,
          "level": 1,
        },
        "2": Object {
          "children": Array [
            3,
          ],
          "depth": 3,
          "level": 1,
        },
        "3": Object {
          "children": Array [],
          "depth": 3,
          "level": 2,
        },
        "4": Object {
          "children": Array [
            5,
            6,
          ],
          "depth": 2,
          "level": 0,
        },
        "5": Object {
          "children": Array [],
          "depth": 2,
          "level": 1,
        },
        "6": Object {
          "children": Array [],
          "depth": 2,
          "level": 1,
        },
      }
    }
    offset={0}
    rowHeight={30}
    showNow={false}
    start={2017-10-09T00:00:00.000Z}
    startHour="PT06H"
    type="daily"
  >
    <div />
  </DailyCalendar>
</BD>
`;
