// Jest Snapshot v1, https://goo.gl/fbAQLP

exports[`DaysLabels function as a Child 1`] = `"<div><span>09</span><span>10</span><span>11</span><span>12</span><span>13</span><span>14</span><span>15</span></div>"`;

exports[`DaysLabels render 1`] = `"<div><div style=\\"height: 30px;\\">09</div><div style=\\"height: 30px;\\">10</div><div style=\\"height: 30px;\\">11</div><div style=\\"height: 30px;\\">12</div><div style=\\"height: 30px;\\">13</div><div style=\\"height: 30px;\\">14</div><div style=\\"height: 30px;\\">15</div></div>"`;

exports[`DaysLabels render Child 1`] = `"<div><span>09</span><span>10</span><span>11</span><span>12</span><span>13</span><span>14</span><span>15</span></div>"`;

exports[`DaysLabels render with no weekend 1`] = `"<div><div style=\\"height: 30px;\\">09</div><div style=\\"height: 30px;\\">10</div><div style=\\"height: 30px;\\">11</div><div style=\\"height: 30px;\\">12</div><div style=\\"height: 30px;\\">13</div></div>"`;
