// Jest Snapshot v1, https://goo.gl/fbAQLP

exports[`HoursLabels daily function as a Child 1`] = `"<div><span>04</span><span>05</span><span>06</span><span>07</span><span>08</span><span>09</span><span>10</span><span>11</span><span>12</span><span>13</span><span>14</span><span>15</span><span>16</span><span>17</span><span>18</span><span>19</span></div>"`;

exports[`HoursLabels daily render 1`] = `"<div style=\\"padding-top: 0px;\\"><div style=\\"height: 30px;\\">04</div><div style=\\"height: 30px;\\">05</div><div style=\\"height: 30px;\\">06</div><div style=\\"height: 30px;\\">07</div><div style=\\"height: 30px;\\">08</div><div style=\\"height: 30px;\\">09</div><div style=\\"height: 30px;\\">10</div><div style=\\"height: 30px;\\">11</div><div style=\\"height: 30px;\\">12</div><div style=\\"height: 30px;\\">13</div><div style=\\"height: 30px;\\">14</div><div style=\\"height: 30px;\\">15</div><div style=\\"height: 30px;\\">16</div><div style=\\"height: 30px;\\">17</div><div style=\\"height: 30px;\\">18</div><div style=\\"height: 30px;\\">19</div></div>"`;

exports[`HoursLabels daily render Child 1`] = `"<div style=\\"padding-top: 0px;\\"><span>04</span><span>05</span><span>06</span><span>07</span><span>08</span><span>09</span><span>10</span><span>11</span><span>12</span><span>13</span><span>14</span><span>15</span><span>16</span><span>17</span><span>18</span><span>19</span></div>"`;

exports[`HoursLabels daily render with no weekend 1`] = `"<div style=\\"padding-top: 0px;\\"><div style=\\"height: 30px;\\">04</div><div style=\\"height: 30px;\\">05</div><div style=\\"height: 30px;\\">06</div><div style=\\"height: 30px;\\">07</div><div style=\\"height: 30px;\\">08</div><div style=\\"height: 30px;\\">09</div><div style=\\"height: 30px;\\">10</div><div style=\\"height: 30px;\\">11</div><div style=\\"height: 30px;\\">12</div><div style=\\"height: 30px;\\">13</div><div style=\\"height: 30px;\\">14</div><div style=\\"height: 30px;\\">15</div><div style=\\"height: 30px;\\">16</div><div style=\\"height: 30px;\\">17</div><div style=\\"height: 30px;\\">18</div><div style=\\"height: 30px;\\">19</div></div>"`;

exports[`HoursLabels weekly function as a Child 1`] = `"<div><span>04</span><span>05</span><span>06</span><span>07</span><span>08</span><span>09</span><span>10</span><span>11</span><span>12</span><span>13</span><span>14</span><span>15</span><span>16</span><span>17</span><span>18</span><span>19</span></div>"`;

exports[`HoursLabels weekly render 1`] = `"<div style=\\"padding-top: 30px;\\"><div style=\\"height: 30px;\\">04</div><div style=\\"height: 30px;\\">05</div><div style=\\"height: 30px;\\">06</div><div style=\\"height: 30px;\\">07</div><div style=\\"height: 30px;\\">08</div><div style=\\"height: 30px;\\">09</div><div style=\\"height: 30px;\\">10</div><div style=\\"height: 30px;\\">11</div><div style=\\"height: 30px;\\">12</div><div style=\\"height: 30px;\\">13</div><div style=\\"height: 30px;\\">14</div><div style=\\"height: 30px;\\">15</div><div style=\\"height: 30px;\\">16</div><div style=\\"height: 30px;\\">17</div><div style=\\"height: 30px;\\">18</div><div style=\\"height: 30px;\\">19</div></div>"`;

exports[`HoursLabels weekly render Child 1`] = `"<div style=\\"padding-top: 30px;\\"><span>04</span><span>05</span><span>06</span><span>07</span><span>08</span><span>09</span><span>10</span><span>11</span><span>12</span><span>13</span><span>14</span><span>15</span><span>16</span><span>17</span><span>18</span><span>19</span></div>"`;

exports[`HoursLabels weekly render with no weekend 1`] = `"<div style=\\"padding-top: 30px;\\"><div style=\\"height: 30px;\\">04</div><div style=\\"height: 30px;\\">05</div><div style=\\"height: 30px;\\">06</div><div style=\\"height: 30px;\\">07</div><div style=\\"height: 30px;\\">08</div><div style=\\"height: 30px;\\">09</div><div style=\\"height: 30px;\\">10</div><div style=\\"height: 30px;\\">11</div><div style=\\"height: 30px;\\">12</div><div style=\\"height: 30px;\\">13</div><div style=\\"height: 30px;\\">14</div><div style=\\"height: 30px;\\">15</div><div style=\\"height: 30px;\\">16</div><div style=\\"height: 30px;\\">17</div><div style=\\"height: 30px;\\">18</div><div style=\\"height: 30px;\\">19</div></div>"`;

exports[`HoursLabels weekly render with style 1`] = `"<div style=\\"color: orange; padding-top: 30px;\\"><div style=\\"height: 30px;\\">04</div><div style=\\"height: 30px;\\">05</div><div style=\\"height: 30px;\\">06</div><div style=\\"height: 30px;\\">07</div><div style=\\"height: 30px;\\">08</div><div style=\\"height: 30px;\\">09</div><div style=\\"height: 30px;\\">10</div><div style=\\"height: 30px;\\">11</div><div style=\\"height: 30px;\\">12</div><div style=\\"height: 30px;\\">13</div><div style=\\"height: 30px;\\">14</div><div style=\\"height: 30px;\\">15</div><div style=\\"height: 30px;\\">16</div><div style=\\"height: 30px;\\">17</div><div style=\\"height: 30px;\\">18</div><div style=\\"height: 30px;\\">19</div></div>"`;
