// Jest Snapshot v1, https://goo.gl/fbAQLP

exports[`HoursLabels daily function as a Child 1`] = `
<BD>
  <HoursLabels
    type="daily"
  >
    <BD
      type="daily"
    >
      <Labels
        currentDay={2017-10-09T22:00:00.000Z}
        endHour="PT22H"
        hourFormat="HH"
        locale={
          Object {
            "formatDistance": [Function],
            "formatLong": [Function],
            "formatRelative": [Function],
            "formatters": Object {
              "Do MMM": [Function],
              "Do MMMM": [Function],
            },
            "formattingTokensRegExp": /\\(\\\\\\[\\[\\^\\\\\\[\\]\\*\\\\\\]\\)\\|\\(\\\\\\\\\\)\\?\\(x\\|ss\\|s\\|mm\\|m\\|hh\\|h\\|do\\|dddd\\|ddd\\|dd\\|d\\|aa\\|a\\|ZZ\\|Z\\|YYYY\\|YY\\|X\\|Wo\\|WW\\|W\\|SSS\\|SS\\|S\\|Qo\\|Q\\|Mo\\|MMMM\\|MMM\\|MM\\|M\\|HH\\|H\\|GGGG\\|GG\\|E\\|Do MMMM\\|Do MMM\\|Do\\|DDDo\\|DDDD\\|DDD\\|DD\\|D\\|A\\|\\.\\)/g,
            "localize": Object {
              "month": [Function],
              "months": [Function],
              "ordinalNumber": [Function],
              "timeOfDay": [Function],
              "timesOfDay": [Function],
              "weekday": [Function],
              "weekdays": [Function],
            },
            "match": Object {
              "month": [Function],
              "months": [Function],
              "ordinalNumber": [Function],
              "ordinalNumbers": [Function],
              "timeOfDay": [Function],
              "timesOfDay": [Function],
              "weekday": [Function],
              "weekdays": [Function],
            },
            "options": Object {
              "firstWeekContainsDate": 4,
              "weekStartsOn": 1,
            },
          }
        }
        offset={0}
        rowHeight={30}
        startHour="PT06H"
        type="daily"
      >
        <div>
          <span
            key="0"
          >
            06
          </span>
          <span
            key="1"
          >
            07
          </span>
          <span
            key="2"
          >
            08
          </span>
          <span
            key="3"
          >
            09
          </span>
          <span
            key="4"
          >
            10
          </span>
          <span
            key="5"
          >
            11
          </span>
          <span
            key="6"
          >
            12
          </span>
          <span
            key="7"
          >
            13
          </span>
          <span
            key="8"
          >
            14
          </span>
          <span
            key="9"
          >
            15
          </span>
          <span
            key="10"
          >
            16
          </span>
          <span
            key="11"
          >
            17
          </span>
          <span
            key="12"
          >
            18
          </span>
          <span
            key="13"
          >
            19
          </span>
          <span
            key="14"
          >
            20
          </span>
          <span
            key="15"
          >
            21
          </span>
        </div>
      </Labels>
    </BD>
  </HoursLabels>
</BD>
`;

exports[`HoursLabels daily render 1`] = `
<BD>
  <HoursLabels
    type="daily"
  >
    <BD
      type="daily"
    >
      <Labels
        currentDay={2017-10-09T22:00:00.000Z}
        endHour="PT22H"
        hourFormat="HH"
        locale={
          Object {
            "formatDistance": [Function],
            "formatLong": [Function],
            "formatRelative": [Function],
            "formatters": Object {
              "Do MMM": [Function],
              "Do MMMM": [Function],
            },
            "formattingTokensRegExp": /\\(\\\\\\[\\[\\^\\\\\\[\\]\\*\\\\\\]\\)\\|\\(\\\\\\\\\\)\\?\\(x\\|ss\\|s\\|mm\\|m\\|hh\\|h\\|do\\|dddd\\|ddd\\|dd\\|d\\|aa\\|a\\|ZZ\\|Z\\|YYYY\\|YY\\|X\\|Wo\\|WW\\|W\\|SSS\\|SS\\|S\\|Qo\\|Q\\|Mo\\|MMMM\\|MMM\\|MM\\|M\\|HH\\|H\\|GGGG\\|GG\\|E\\|Do MMMM\\|Do MMM\\|Do\\|DDDo\\|DDDD\\|DDD\\|DD\\|D\\|A\\|\\.\\)/g,
            "localize": Object {
              "month": [Function],
              "months": [Function],
              "ordinalNumber": [Function],
              "timeOfDay": [Function],
              "timesOfDay": [Function],
              "weekday": [Function],
              "weekdays": [Function],
            },
            "match": Object {
              "month": [Function],
              "months": [Function],
              "ordinalNumber": [Function],
              "ordinalNumbers": [Function],
              "timeOfDay": [Function],
              "timesOfDay": [Function],
              "weekday": [Function],
              "weekdays": [Function],
            },
            "options": Object {
              "firstWeekContainsDate": 4,
              "weekStartsOn": 1,
            },
          }
        }
        offset={0}
        rowHeight={30}
        startHour="PT06H"
        type="daily"
      >
        <div>
          <div
            key="hour_label_0"
            style={
              Object {
                "height": 30,
              }
            }
          >
            06
          </div>
          <div
            key="hour_label_1"
            style={
              Object {
                "height": 30,
              }
            }
          >
            07
          </div>
          <div
            key="hour_label_2"
            style={
              Object {
                "height": 30,
              }
            }
          >
            08
          </div>
          <div
            key="hour_label_3"
            style={
              Object {
                "height": 30,
              }
            }
          >
            09
          </div>
          <div
            key="hour_label_4"
            style={
              Object {
                "height": 30,
              }
            }
          >
            10
          </div>
          <div
            key="hour_label_5"
            style={
              Object {
                "height": 30,
              }
            }
          >
            11
          </div>
          <div
            key="hour_label_6"
            style={
              Object {
                "height": 30,
              }
            }
          >
            12
          </div>
          <div
            key="hour_label_7"
            style={
              Object {
                "height": 30,
              }
            }
          >
            13
          </div>
          <div
            key="hour_label_8"
            style={
              Object {
                "height": 30,
              }
            }
          >
            14
          </div>
          <div
            key="hour_label_9"
            style={
              Object {
                "height": 30,
              }
            }
          >
            15
          </div>
          <div
            key="hour_label_10"
            style={
              Object {
                "height": 30,
              }
            }
          >
            16
          </div>
          <div
            key="hour_label_11"
            style={
              Object {
                "height": 30,
              }
            }
          >
            17
          </div>
          <div
            key="hour_label_12"
            style={
              Object {
                "height": 30,
              }
            }
          >
            18
          </div>
          <div
            key="hour_label_13"
            style={
              Object {
                "height": 30,
              }
            }
          >
            19
          </div>
          <div
            key="hour_label_14"
            style={
              Object {
                "height": 30,
              }
            }
          >
            20
          </div>
          <div
            key="hour_label_15"
            style={
              Object {
                "height": 30,
              }
            }
          >
            21
          </div>
        </div>
      </Labels>
    </BD>
  </HoursLabels>
</BD>
`;

exports[`HoursLabels daily render Child 1`] = `
<BD
  renderChild={[Function]}
>
  <HoursLabels
    renderChild={[Function]}
    type="daily"
  >
    <BD
      renderChild={[Function]}
      type="daily"
    >
      <Labels
        currentDay={2017-10-09T22:00:00.000Z}
        endHour="PT22H"
        hourFormat="HH"
        locale={
          Object {
            "formatDistance": [Function],
            "formatLong": [Function],
            "formatRelative": [Function],
            "formatters": Object {
              "Do MMM": [Function],
              "Do MMMM": [Function],
            },
            "formattingTokensRegExp": /\\(\\\\\\[\\[\\^\\\\\\[\\]\\*\\\\\\]\\)\\|\\(\\\\\\\\\\)\\?\\(x\\|ss\\|s\\|mm\\|m\\|hh\\|h\\|do\\|dddd\\|ddd\\|dd\\|d\\|aa\\|a\\|ZZ\\|Z\\|YYYY\\|YY\\|X\\|Wo\\|WW\\|W\\|SSS\\|SS\\|S\\|Qo\\|Q\\|Mo\\|MMMM\\|MMM\\|MM\\|M\\|HH\\|H\\|GGGG\\|GG\\|E\\|Do MMMM\\|Do MMM\\|Do\\|DDDo\\|DDDD\\|DDD\\|DD\\|D\\|A\\|\\.\\)/g,
            "localize": Object {
              "month": [Function],
              "months": [Function],
              "ordinalNumber": [Function],
              "timeOfDay": [Function],
              "timesOfDay": [Function],
              "weekday": [Function],
              "weekdays": [Function],
            },
            "match": Object {
              "month": [Function],
              "months": [Function],
              "ordinalNumber": [Function],
              "ordinalNumbers": [Function],
              "timeOfDay": [Function],
              "timesOfDay": [Function],
              "weekday": [Function],
              "weekdays": [Function],
            },
            "options": Object {
              "firstWeekContainsDate": 4,
              "weekStartsOn": 1,
            },
          }
        }
        offset={0}
        renderChild={[Function]}
        rowHeight={30}
        startHour="PT06H"
        type="daily"
      >
        <div>
          <span
            key="hour_label_0"
          >
            06
          </span>
          <span
            key="hour_label_1"
          >
            07
          </span>
          <span
            key="hour_label_2"
          >
            08
          </span>
          <span
            key="hour_label_3"
          >
            09
          </span>
          <span
            key="hour_label_4"
          >
            10
          </span>
          <span
            key="hour_label_5"
          >
            11
          </span>
          <span
            key="hour_label_6"
          >
            12
          </span>
          <span
            key="hour_label_7"
          >
            13
          </span>
          <span
            key="hour_label_8"
          >
            14
          </span>
          <span
            key="hour_label_9"
          >
            15
          </span>
          <span
            key="hour_label_10"
          >
            16
          </span>
          <span
            key="hour_label_11"
          >
            17
          </span>
          <span
            key="hour_label_12"
          >
            18
          </span>
          <span
            key="hour_label_13"
          >
            19
          </span>
          <span
            key="hour_label_14"
          >
            20
          </span>
          <span
            key="hour_label_15"
          >
            21
          </span>
        </div>
      </Labels>
    </BD>
  </HoursLabels>
</BD>
`;

exports[`HoursLabels daily render with no weekend 1`] = `
<BD>
  <HoursLabels
    type="daily"
  >
    <BD
      type="daily"
    >
      <Labels
        currentDay={2017-10-09T22:00:00.000Z}
        endHour="PT22H"
        hourFormat="HH"
        locale={
          Object {
            "formatDistance": [Function],
            "formatLong": [Function],
            "formatRelative": [Function],
            "formatters": Object {
              "Do MMM": [Function],
              "Do MMMM": [Function],
            },
            "formattingTokensRegExp": /\\(\\\\\\[\\[\\^\\\\\\[\\]\\*\\\\\\]\\)\\|\\(\\\\\\\\\\)\\?\\(x\\|ss\\|s\\|mm\\|m\\|hh\\|h\\|do\\|dddd\\|ddd\\|dd\\|d\\|aa\\|a\\|ZZ\\|Z\\|YYYY\\|YY\\|X\\|Wo\\|WW\\|W\\|SSS\\|SS\\|S\\|Qo\\|Q\\|Mo\\|MMMM\\|MMM\\|MM\\|M\\|HH\\|H\\|GGGG\\|GG\\|E\\|Do MMMM\\|Do MMM\\|Do\\|DDDo\\|DDDD\\|DDD\\|DD\\|D\\|A\\|\\.\\)/g,
            "localize": Object {
              "month": [Function],
              "months": [Function],
              "ordinalNumber": [Function],
              "timeOfDay": [Function],
              "timesOfDay": [Function],
              "weekday": [Function],
              "weekdays": [Function],
            },
            "match": Object {
              "month": [Function],
              "months": [Function],
              "ordinalNumber": [Function],
              "ordinalNumbers": [Function],
              "timeOfDay": [Function],
              "timesOfDay": [Function],
              "weekday": [Function],
              "weekdays": [Function],
            },
            "options": Object {
              "firstWeekContainsDate": 4,
              "weekStartsOn": 1,
            },
          }
        }
        offset={0}
        rowHeight={30}
        startHour="PT06H"
        type="daily"
      >
        <div>
          <div
            key="hour_label_0"
            style={
              Object {
                "height": 30,
              }
            }
          >
            06
          </div>
          <div
            key="hour_label_1"
            style={
              Object {
                "height": 30,
              }
            }
          >
            07
          </div>
          <div
            key="hour_label_2"
            style={
              Object {
                "height": 30,
              }
            }
          >
            08
          </div>
          <div
            key="hour_label_3"
            style={
              Object {
                "height": 30,
              }
            }
          >
            09
          </div>
          <div
            key="hour_label_4"
            style={
              Object {
                "height": 30,
              }
            }
          >
            10
          </div>
          <div
            key="hour_label_5"
            style={
              Object {
                "height": 30,
              }
            }
          >
            11
          </div>
          <div
            key="hour_label_6"
            style={
              Object {
                "height": 30,
              }
            }
          >
            12
          </div>
          <div
            key="hour_label_7"
            style={
              Object {
                "height": 30,
              }
            }
          >
            13
          </div>
          <div
            key="hour_label_8"
            style={
              Object {
                "height": 30,
              }
            }
          >
            14
          </div>
          <div
            key="hour_label_9"
            style={
              Object {
                "height": 30,
              }
            }
          >
            15
          </div>
          <div
            key="hour_label_10"
            style={
              Object {
                "height": 30,
              }
            }
          >
            16
          </div>
          <div
            key="hour_label_11"
            style={
              Object {
                "height": 30,
              }
            }
          >
            17
          </div>
          <div
            key="hour_label_12"
            style={
              Object {
                "height": 30,
              }
            }
          >
            18
          </div>
          <div
            key="hour_label_13"
            style={
              Object {
                "height": 30,
              }
            }
          >
            19
          </div>
          <div
            key="hour_label_14"
            style={
              Object {
                "height": 30,
              }
            }
          >
            20
          </div>
          <div
            key="hour_label_15"
            style={
              Object {
                "height": 30,
              }
            }
          >
            21
          </div>
        </div>
      </Labels>
    </BD>
  </HoursLabels>
</BD>
`;

exports[`HoursLabels weekly function as a Child 1`] = `
<BD>
  <HoursLabels
    type="weekly"
  >
    <BD
      type="weekly"
    >
      <Labels
        endHour="PT22H"
        hourFormat="HH"
        locale={
          Object {
            "formatDistance": [Function],
            "formatLong": [Function],
            "formatRelative": [Function],
            "formatters": Object {
              "Do MMM": [Function],
              "Do MMMM": [Function],
            },
            "formattingTokensRegExp": /\\(\\\\\\[\\[\\^\\\\\\[\\]\\*\\\\\\]\\)\\|\\(\\\\\\\\\\)\\?\\(x\\|ss\\|s\\|mm\\|m\\|hh\\|h\\|do\\|dddd\\|ddd\\|dd\\|d\\|aa\\|a\\|ZZ\\|Z\\|YYYY\\|YY\\|X\\|Wo\\|WW\\|W\\|SSS\\|SS\\|S\\|Qo\\|Q\\|Mo\\|MMMM\\|MMM\\|MM\\|M\\|HH\\|H\\|GGGG\\|GG\\|E\\|Do MMMM\\|Do MMM\\|Do\\|DDDo\\|DDDD\\|DDD\\|DD\\|D\\|A\\|\\.\\)/g,
            "localize": Object {
              "month": [Function],
              "months": [Function],
              "ordinalNumber": [Function],
              "timeOfDay": [Function],
              "timesOfDay": [Function],
              "weekday": [Function],
              "weekdays": [Function],
            },
            "match": Object {
              "month": [Function],
              "months": [Function],
              "ordinalNumber": [Function],
              "ordinalNumbers": [Function],
              "timeOfDay": [Function],
              "timesOfDay": [Function],
              "weekday": [Function],
              "weekdays": [Function],
            },
            "options": Object {
              "firstWeekContainsDate": 4,
              "weekStartsOn": 1,
            },
          }
        }
        offset={1}
        rowHeight={30}
        startHour="PT06H"
        startWeek={2017-10-09T22:00:00.000Z}
        type="weekly"
      >
        <div>
          <span
            key="0"
          >
            06
          </span>
          <span
            key="1"
          >
            07
          </span>
          <span
            key="2"
          >
            08
          </span>
          <span
            key="3"
          >
            09
          </span>
          <span
            key="4"
          >
            10
          </span>
          <span
            key="5"
          >
            11
          </span>
          <span
            key="6"
          >
            12
          </span>
          <span
            key="7"
          >
            13
          </span>
          <span
            key="8"
          >
            14
          </span>
          <span
            key="9"
          >
            15
          </span>
          <span
            key="10"
          >
            16
          </span>
          <span
            key="11"
          >
            17
          </span>
          <span
            key="12"
          >
            18
          </span>
          <span
            key="13"
          >
            19
          </span>
          <span
            key="14"
          >
            20
          </span>
          <span
            key="15"
          >
            21
          </span>
        </div>
      </Labels>
    </BD>
  </HoursLabels>
</BD>
`;

exports[`HoursLabels weekly render 1`] = `
<BD>
  <HoursLabels
    type="weekly"
  >
    <BD
      type="weekly"
    >
      <Labels
        endHour="PT22H"
        hourFormat="HH"
        locale={
          Object {
            "formatDistance": [Function],
            "formatLong": [Function],
            "formatRelative": [Function],
            "formatters": Object {
              "Do MMM": [Function],
              "Do MMMM": [Function],
            },
            "formattingTokensRegExp": /\\(\\\\\\[\\[\\^\\\\\\[\\]\\*\\\\\\]\\)\\|\\(\\\\\\\\\\)\\?\\(x\\|ss\\|s\\|mm\\|m\\|hh\\|h\\|do\\|dddd\\|ddd\\|dd\\|d\\|aa\\|a\\|ZZ\\|Z\\|YYYY\\|YY\\|X\\|Wo\\|WW\\|W\\|SSS\\|SS\\|S\\|Qo\\|Q\\|Mo\\|MMMM\\|MMM\\|MM\\|M\\|HH\\|H\\|GGGG\\|GG\\|E\\|Do MMMM\\|Do MMM\\|Do\\|DDDo\\|DDDD\\|DDD\\|DD\\|D\\|A\\|\\.\\)/g,
            "localize": Object {
              "month": [Function],
              "months": [Function],
              "ordinalNumber": [Function],
              "timeOfDay": [Function],
              "timesOfDay": [Function],
              "weekday": [Function],
              "weekdays": [Function],
            },
            "match": Object {
              "month": [Function],
              "months": [Function],
              "ordinalNumber": [Function],
              "ordinalNumbers": [Function],
              "timeOfDay": [Function],
              "timesOfDay": [Function],
              "weekday": [Function],
              "weekdays": [Function],
            },
            "options": Object {
              "firstWeekContainsDate": 4,
              "weekStartsOn": 1,
            },
          }
        }
        offset={1}
        rowHeight={30}
        startHour="PT06H"
        startWeek={2017-10-09T22:00:00.000Z}
        type="weekly"
      >
        <div>
          <div
            key="hour_label_0"
            style={
              Object {
                "height": 30,
              }
            }
          >
            06
          </div>
          <div
            key="hour_label_1"
            style={
              Object {
                "height": 30,
              }
            }
          >
            07
          </div>
          <div
            key="hour_label_2"
            style={
              Object {
                "height": 30,
              }
            }
          >
            08
          </div>
          <div
            key="hour_label_3"
            style={
              Object {
                "height": 30,
              }
            }
          >
            09
          </div>
          <div
            key="hour_label_4"
            style={
              Object {
                "height": 30,
              }
            }
          >
            10
          </div>
          <div
            key="hour_label_5"
            style={
              Object {
                "height": 30,
              }
            }
          >
            11
          </div>
          <div
            key="hour_label_6"
            style={
              Object {
                "height": 30,
              }
            }
          >
            12
          </div>
          <div
            key="hour_label_7"
            style={
              Object {
                "height": 30,
              }
            }
          >
            13
          </div>
          <div
            key="hour_label_8"
            style={
              Object {
                "height": 30,
              }
            }
          >
            14
          </div>
          <div
            key="hour_label_9"
            style={
              Object {
                "height": 30,
              }
            }
          >
            15
          </div>
          <div
            key="hour_label_10"
            style={
              Object {
                "height": 30,
              }
            }
          >
            16
          </div>
          <div
            key="hour_label_11"
            style={
              Object {
                "height": 30,
              }
            }
          >
            17
          </div>
          <div
            key="hour_label_12"
            style={
              Object {
                "height": 30,
              }
            }
          >
            18
          </div>
          <div
            key="hour_label_13"
            style={
              Object {
                "height": 30,
              }
            }
          >
            19
          </div>
          <div
            key="hour_label_14"
            style={
              Object {
                "height": 30,
              }
            }
          >
            20
          </div>
          <div
            key="hour_label_15"
            style={
              Object {
                "height": 30,
              }
            }
          >
            21
          </div>
        </div>
      </Labels>
    </BD>
  </HoursLabels>
</BD>
`;

exports[`HoursLabels weekly render Child 1`] = `
<BD
  renderChild={[Function]}
>
  <HoursLabels
    renderChild={[Function]}
    type="weekly"
  >
    <BD
      renderChild={[Function]}
      type="weekly"
    >
      <Labels
        endHour="PT22H"
        hourFormat="HH"
        locale={
          Object {
            "formatDistance": [Function],
            "formatLong": [Function],
            "formatRelative": [Function],
            "formatters": Object {
              "Do MMM": [Function],
              "Do MMMM": [Function],
            },
            "formattingTokensRegExp": /\\(\\\\\\[\\[\\^\\\\\\[\\]\\*\\\\\\]\\)\\|\\(\\\\\\\\\\)\\?\\(x\\|ss\\|s\\|mm\\|m\\|hh\\|h\\|do\\|dddd\\|ddd\\|dd\\|d\\|aa\\|a\\|ZZ\\|Z\\|YYYY\\|YY\\|X\\|Wo\\|WW\\|W\\|SSS\\|SS\\|S\\|Qo\\|Q\\|Mo\\|MMMM\\|MMM\\|MM\\|M\\|HH\\|H\\|GGGG\\|GG\\|E\\|Do MMMM\\|Do MMM\\|Do\\|DDDo\\|DDDD\\|DDD\\|DD\\|D\\|A\\|\\.\\)/g,
            "localize": Object {
              "month": [Function],
              "months": [Function],
              "ordinalNumber": [Function],
              "timeOfDay": [Function],
              "timesOfDay": [Function],
              "weekday": [Function],
              "weekdays": [Function],
            },
            "match": Object {
              "month": [Function],
              "months": [Function],
              "ordinalNumber": [Function],
              "ordinalNumbers": [Function],
              "timeOfDay": [Function],
              "timesOfDay": [Function],
              "weekday": [Function],
              "weekdays": [Function],
            },
            "options": Object {
              "firstWeekContainsDate": 4,
              "weekStartsOn": 1,
            },
          }
        }
        offset={1}
        renderChild={[Function]}
        rowHeight={30}
        startHour="PT06H"
        startWeek={2017-10-09T22:00:00.000Z}
        type="weekly"
      >
        <div>
          <span
            key="hour_label_0"
          >
            06
          </span>
          <span
            key="hour_label_1"
          >
            07
          </span>
          <span
            key="hour_label_2"
          >
            08
          </span>
          <span
            key="hour_label_3"
          >
            09
          </span>
          <span
            key="hour_label_4"
          >
            10
          </span>
          <span
            key="hour_label_5"
          >
            11
          </span>
          <span
            key="hour_label_6"
          >
            12
          </span>
          <span
            key="hour_label_7"
          >
            13
          </span>
          <span
            key="hour_label_8"
          >
            14
          </span>
          <span
            key="hour_label_9"
          >
            15
          </span>
          <span
            key="hour_label_10"
          >
            16
          </span>
          <span
            key="hour_label_11"
          >
            17
          </span>
          <span
            key="hour_label_12"
          >
            18
          </span>
          <span
            key="hour_label_13"
          >
            19
          </span>
          <span
            key="hour_label_14"
          >
            20
          </span>
          <span
            key="hour_label_15"
          >
            21
          </span>
        </div>
      </Labels>
    </BD>
  </HoursLabels>
</BD>
`;

exports[`HoursLabels weekly render with no weekend 1`] = `
<BD>
  <HoursLabels
    type="weekly"
  >
    <BD
      type="weekly"
    >
      <Labels
        endHour="PT22H"
        hourFormat="HH"
        locale={
          Object {
            "formatDistance": [Function],
            "formatLong": [Function],
            "formatRelative": [Function],
            "formatters": Object {
              "Do MMM": [Function],
              "Do MMMM": [Function],
            },
            "formattingTokensRegExp": /\\(\\\\\\[\\[\\^\\\\\\[\\]\\*\\\\\\]\\)\\|\\(\\\\\\\\\\)\\?\\(x\\|ss\\|s\\|mm\\|m\\|hh\\|h\\|do\\|dddd\\|ddd\\|dd\\|d\\|aa\\|a\\|ZZ\\|Z\\|YYYY\\|YY\\|X\\|Wo\\|WW\\|W\\|SSS\\|SS\\|S\\|Qo\\|Q\\|Mo\\|MMMM\\|MMM\\|MM\\|M\\|HH\\|H\\|GGGG\\|GG\\|E\\|Do MMMM\\|Do MMM\\|Do\\|DDDo\\|DDDD\\|DDD\\|DD\\|D\\|A\\|\\.\\)/g,
            "localize": Object {
              "month": [Function],
              "months": [Function],
              "ordinalNumber": [Function],
              "timeOfDay": [Function],
              "timesOfDay": [Function],
              "weekday": [Function],
              "weekdays": [Function],
            },
            "match": Object {
              "month": [Function],
              "months": [Function],
              "ordinalNumber": [Function],
              "ordinalNumbers": [Function],
              "timeOfDay": [Function],
              "timesOfDay": [Function],
              "weekday": [Function],
              "weekdays": [Function],
            },
            "options": Object {
              "firstWeekContainsDate": 4,
              "weekStartsOn": 1,
            },
          }
        }
        offset={1}
        rowHeight={30}
        startHour="PT06H"
        startWeek={2017-10-09T22:00:00.000Z}
        type="weekly"
      >
        <div>
          <div
            key="hour_label_0"
            style={
              Object {
                "height": 30,
              }
            }
          >
            06
          </div>
          <div
            key="hour_label_1"
            style={
              Object {
                "height": 30,
              }
            }
          >
            07
          </div>
          <div
            key="hour_label_2"
            style={
              Object {
                "height": 30,
              }
            }
          >
            08
          </div>
          <div
            key="hour_label_3"
            style={
              Object {
                "height": 30,
              }
            }
          >
            09
          </div>
          <div
            key="hour_label_4"
            style={
              Object {
                "height": 30,
              }
            }
          >
            10
          </div>
          <div
            key="hour_label_5"
            style={
              Object {
                "height": 30,
              }
            }
          >
            11
          </div>
          <div
            key="hour_label_6"
            style={
              Object {
                "height": 30,
              }
            }
          >
            12
          </div>
          <div
            key="hour_label_7"
            style={
              Object {
                "height": 30,
              }
            }
          >
            13
          </div>
          <div
            key="hour_label_8"
            style={
              Object {
                "height": 30,
              }
            }
          >
            14
          </div>
          <div
            key="hour_label_9"
            style={
              Object {
                "height": 30,
              }
            }
          >
            15
          </div>
          <div
            key="hour_label_10"
            style={
              Object {
                "height": 30,
              }
            }
          >
            16
          </div>
          <div
            key="hour_label_11"
            style={
              Object {
                "height": 30,
              }
            }
          >
            17
          </div>
          <div
            key="hour_label_12"
            style={
              Object {
                "height": 30,
              }
            }
          >
            18
          </div>
          <div
            key="hour_label_13"
            style={
              Object {
                "height": 30,
              }
            }
          >
            19
          </div>
          <div
            key="hour_label_14"
            style={
              Object {
                "height": 30,
              }
            }
          >
            20
          </div>
          <div
            key="hour_label_15"
            style={
              Object {
                "height": 30,
              }
            }
          >
            21
          </div>
        </div>
      </Labels>
    </BD>
  </HoursLabels>
</BD>
`;

exports[`HoursLabels weekly render with style 1`] = `
<BD
  style={
    Object {
      "color": "orange",
    }
  }
>
  <HoursLabels
    style={
      Object {
        "color": "orange",
      }
    }
    type="weekly"
  >
    <BD
      style={
        Object {
          "color": "orange",
        }
      }
      type="weekly"
    >
      <Labels
        endHour="PT22H"
        hourFormat="HH"
        locale={
          Object {
            "formatDistance": [Function],
            "formatLong": [Function],
            "formatRelative": [Function],
            "formatters": Object {
              "Do MMM": [Function],
              "Do MMMM": [Function],
            },
            "formattingTokensRegExp": /\\(\\\\\\[\\[\\^\\\\\\[\\]\\*\\\\\\]\\)\\|\\(\\\\\\\\\\)\\?\\(x\\|ss\\|s\\|mm\\|m\\|hh\\|h\\|do\\|dddd\\|ddd\\|dd\\|d\\|aa\\|a\\|ZZ\\|Z\\|YYYY\\|YY\\|X\\|Wo\\|WW\\|W\\|SSS\\|SS\\|S\\|Qo\\|Q\\|Mo\\|MMMM\\|MMM\\|MM\\|M\\|HH\\|H\\|GGGG\\|GG\\|E\\|Do MMMM\\|Do MMM\\|Do\\|DDDo\\|DDDD\\|DDD\\|DD\\|D\\|A\\|\\.\\)/g,
            "localize": Object {
              "month": [Function],
              "months": [Function],
              "ordinalNumber": [Function],
              "timeOfDay": [Function],
              "timesOfDay": [Function],
              "weekday": [Function],
              "weekdays": [Function],
            },
            "match": Object {
              "month": [Function],
              "months": [Function],
              "ordinalNumber": [Function],
              "ordinalNumbers": [Function],
              "timeOfDay": [Function],
              "timesOfDay": [Function],
              "weekday": [Function],
              "weekdays": [Function],
            },
            "options": Object {
              "firstWeekContainsDate": 4,
              "weekStartsOn": 1,
            },
          }
        }
        offset={1}
        rowHeight={30}
        startHour="PT06H"
        startWeek={2017-10-09T22:00:00.000Z}
        style={
          Object {
            "color": "orange",
          }
        }
        type="weekly"
      >
        <div
          style={
            Object {
              "color": "orange",
            }
          }
        >
          <div
            key="hour_label_0"
            style={
              Object {
                "height": 30,
              }
            }
          >
            06
          </div>
          <div
            key="hour_label_1"
            style={
              Object {
                "height": 30,
              }
            }
          >
            07
          </div>
          <div
            key="hour_label_2"
            style={
              Object {
                "height": 30,
              }
            }
          >
            08
          </div>
          <div
            key="hour_label_3"
            style={
              Object {
                "height": 30,
              }
            }
          >
            09
          </div>
          <div
            key="hour_label_4"
            style={
              Object {
                "height": 30,
              }
            }
          >
            10
          </div>
          <div
            key="hour_label_5"
            style={
              Object {
                "height": 30,
              }
            }
          >
            11
          </div>
          <div
            key="hour_label_6"
            style={
              Object {
                "height": 30,
              }
            }
          >
            12
          </div>
          <div
            key="hour_label_7"
            style={
              Object {
                "height": 30,
              }
            }
          >
            13
          </div>
          <div
            key="hour_label_8"
            style={
              Object {
                "height": 30,
              }
            }
          >
            14
          </div>
          <div
            key="hour_label_9"
            style={
              Object {
                "height": 30,
              }
            }
          >
            15
          </div>
          <div
            key="hour_label_10"
            style={
              Object {
                "height": 30,
              }
            }
          >
            16
          </div>
          <div
            key="hour_label_11"
            style={
              Object {
                "height": 30,
              }
            }
          >
            17
          </div>
          <div
            key="hour_label_12"
            style={
              Object {
                "height": 30,
              }
            }
          >
            18
          </div>
          <div
            key="hour_label_13"
            style={
              Object {
                "height": 30,
              }
            }
          >
            19
          </div>
          <div
            key="hour_label_14"
            style={
              Object {
                "height": 30,
              }
            }
          >
            20
          </div>
          <div
            key="hour_label_15"
            style={
              Object {
                "height": 30,
              }
            }
          >
            21
          </div>
        </div>
      </Labels>
    </BD>
  </HoursLabels>
</BD>
`;
